[    1138ms] [WARNING] [Warning] Please install/enable Redux devtools extension @ https://frontend-assets.supabase.com/studio/591b621567a5/_next/static/chunks/0ze9jz-co77g3.js?dpl=dpl_6oyU5btYQsZSfrgNoSCW5uTGwpTQ:5
[    2704ms] [LOG] Supabase Studio is running commit 591b621567a5322c9fdb403dba9f95d68b3ff228 deployed at 2026-07-16 18:25:26 +09:00. @ https://frontend-assets.supabase.com/studio/591b621567a5/_next/static/chunks/0ze9jz-co77g3.js?dpl=dpl_6oyU5btYQsZSfrgNoSCW5uTGwpTQ:5
[    3302ms] [WARNING] ConfigCat - WARN - [3000] There is an existing client instance for the specified SDK Key. No new client instance will be created and the specified options are ignored. Returning the existing client instance. SDK Key: 'configcat-proxy/frontend-v2'. @ https://frontend-assets.supabase.com/studio/591b621567a5/_next/static/chunks/0ze9jz-co77g3.js?dpl=dpl_6oyU5btYQsZSfrgNoSCW5uTGwpTQ:5
[    4103ms] [WARNING] ConfigCat - WARN - [3003] Cannot evaluate condition (User.plan IS ONE OF ['pro', 'team', 'enterprise']) for setting 'observabilityOverview' (the User.plan attribute is missing). You should set the User.plan attribute in order to make targeting work properly. Read more: https://configcat.com/docs/advanced/user-object/ @ https://frontend-assets.supabase.com/studio/591b621567a5/_next/static/chunks/0ze9jz-co77g3.js?dpl=dpl_6oyU5btYQsZSfrgNoSCW5uTGwpTQ:5
[    4107ms] [WARNING] ConfigCat - WARN - [3003] Cannot evaluate condition (User.plan IS ONE OF ['pro', 'team', 'enterprise']) for setting 'observabilityOverview' (the User.plan attribute is missing). You should set the User.plan attribute in order to make targeting work properly. Read more: https://configcat.com/docs/advanced/user-object/ @ https://frontend-assets.supabase.com/studio/591b621567a5/_next/static/chunks/0ze9jz-co77g3.js?dpl=dpl_6oyU5btYQsZSfrgNoSCW5uTGwpTQ:5
[    4923ms] [WARNING] ConfigCat - WARN - [3003] Cannot evaluate condition (User.plan IS ONE OF ['pro', 'team', 'enterprise']) for setting 'observabilityOverview' (the User.plan attribute is missing). You should set the User.plan attribute in order to make targeting work properly. Read more: https://configcat.com/docs/advanced/user-object/ @ https://frontend-assets.supabase.com/studio/591b621567a5/_next/static/chunks/0ze9jz-co77g3.js?dpl=dpl_6oyU5btYQsZSfrgNoSCW5uTGwpTQ:5
[    4952ms] Canceled: Canceled
    at i.cancel (https://supabase.com/dashboard/monaco-editor/vs/editor/editor.main.js:122:13889)
    at i.dispose (https://supabase.com/dashboard/monaco-editor/vs/editor/editor.main.js:122:14018)
    at t (https://supabase.com/dashboard/monaco-editor/vs/editor/editor.main.js:11:22161)
    at g.clear (https://supabase.com/dashboard/monaco-editor/vs/editor/editor.main.js:11:22775)
    at g.dispose (https://supabase.com/dashboard/monaco-editor/vs/editor/editor.main.js:11:22685)
    at P.dispose (https://supabase.com/dashboard/monaco-editor/vs/editor/editor.main.js:722:24461)
    at c.value (https://supabase.com/dashboard/monaco-editor/vs/editor/editor.main.js:722:24961)
    at u._deliver (https://supabase.com/dashboard/monaco-editor/vs/editor/editor.main.js:71:910)
    at u._deliverQueue (https://supabase.com/dashboard/monaco-editor/vs/editor/editor.main.js:71:1001)
    at u.fire (https://supabase.com/dashboard/monaco-editor/vs/editor/editor.main.js:71:1336)
    at W.setModel (https://supabase.com/dashboard/monaco-editor/vs/editor/editor.main.js:695:638)
    at c.value (https://supabase.com/dashboard/monaco-editor/vs/editor/editor.main.js:695:17257)
    at u._deliver (https://supabase.com/dashboard/monaco-editor/vs/editor/editor.main.js:71:910)
    at u._deliverQueue (https://supabase.com/dashboard/monaco-editor/vs/editor/editor.main.js:71:1001)
    at u.fire (https://supabase.com/dashboard/monaco-editor/vs/editor/editor.main.js:71:1336)
    at H.dispose (https://supabase.com/dashboard/monaco-editor/vs/editor/editor.main.js:679:14059)
    at https://frontend-assets.supabase.com/studio/591b621567a5/_next/static/chunks/0ud2-cf45-cxo.js?dpl=dpl_6oyU5btYQsZSfrgNoSCW5uTGwpTQ:2:20669
    at o0 (https://frontend-assets.supabase.com/studio/591b621567a5/_next/static/chunks/0me~.yk4~xwth.js?dpl=dpl_6oyU5btYQsZSfrgNoSCW5uTGwpTQ:2:92956)
    at uL (https://frontend-assets.supabase.com/studio/591b621567a5/_next/static/chunks/0me~.yk4~xwth.js?dpl=dpl_6oyU5btYQsZSfrgNoSCW5uTGwpTQ:2:112120)
    at uN (https://frontend-assets.supabase.com/studio/591b621567a5/_next/static/chunks/0me~.yk4~xwth.js?dpl=dpl_6oyU5btYQsZSfrgNoSCW5uTGwpTQ:2:111383)
    at uT (https://frontend-assets.supabase.com/studio/591b621567a5/_next/static/chunks/0me~.yk4~xwth.js?dpl=dpl_6oyU5btYQsZSfrgNoSCW5uTGwpTQ:2:111581)
    at uN (https://frontend-assets.supabase.com/studio/591b621567a5/_next/static/chunks/0me~.yk4~xwth.js?dpl=dpl_6oyU5btYQsZSfrgNoSCW5uTGwpTQ:2:111445)
    at uT (https://frontend-assets.supabase.com/studio/591b621567a5/_next/static/chunks/0me~.yk4~xwth.js?dpl=dpl_6oyU5btYQsZSfrgNoSCW5uTGwpTQ:2:111581)
    at uN (https://frontend-assets.supabase.com/studio/591b621567a5/_next/static/chunks/0me~.yk4~xwth.js?dpl=dpl_6oyU5btYQsZSfrgNoSCW5uTGwpTQ:2:111445)
    at uT (https://frontend-assets.supabase.com/studio/591b621567a5/_next/static/chunks/0me~.yk4~xwth.js?dpl=dpl_6oyU5btYQsZSfrgNoSCW5uTGwpTQ:2:111515)
    at uN (https://frontend-assets.supabase.com/studio/591b621567a5/_next/static/chunks/0me~.yk4~xwth.js?dpl=dpl_6oyU5btYQsZSfrgNoSCW5uTGwpTQ:2:111445)
    at uT (https://frontend-assets.supabase.com/studio/591b621567a5/_next/static/chunks/0me~.yk4~xwth.js?dpl=dpl_6oyU5btYQsZSfrgNoSCW5uTGwpTQ:2:111581)
    at uN (https://frontend-assets.supabase.com/studio/591b621567a5/_next/static/chunks/0me~.yk4~xwth.js?dpl=dpl_6oyU5btYQsZSfrgNoSCW5uTGwpTQ:2:111445)
    at uT (https://frontend-assets.supabase.com/studio/591b621567a5/_next/static/chunks/0me~.yk4~xwth.js?dpl=dpl_6oyU5btYQsZSfrgNoSCW5uTGwpTQ:2:111515)
    at uN (https://frontend-assets.supabase.com/studio/591b621567a5/_next/static/chunks/0me~.yk4~xwth.js?dpl=dpl_6oyU5btYQsZSfrgNoSCW5uTGwpTQ:2:111445)
    at uT (https://frontend-assets.supabase.com/studio/591b621567a5/_next/static/chunks/0me~.yk4~xwth.js?dpl=dpl_6oyU5btYQsZSfrgNoSCW5uTGwpTQ:2:111581)
    at uN (https://frontend-assets.supabase.com/studio/591b621567a5/_next/static/chunks/0me~.yk4~xwth.js?dpl=dpl_6oyU5btYQsZSfrgNoSCW5uTGwpTQ:2:111445)
    at uT (https://frontend-assets.supabase.com/studio/591b621567a5/_next/static/chunks/0me~.yk4~xwth.js?dpl=dpl_6oyU5btYQsZSfrgNoSCW5uTGwpTQ:2:111515)
    at uN (https://frontend-assets.supabase.com/studio/591b621567a5/_next/static/chunks/0me~.yk4~xwth.js?dpl=dpl_6oyU5btYQsZSfrgNoSCW5uTGwpTQ:2:111445)
    at uT (https://frontend-assets.supabase.com/studio/591b621567a5/_next/static/chunks/0me~.yk4~xwth.js?dpl=dpl_6oyU5btYQsZSfrgNoSCW5uTGwpTQ:2:111581)
    at uN (https://frontend-assets.supabase.com/studio/591b621567a5/_next/static/chunks/0me~.yk4~xwth.js?dpl=dpl_6oyU5btYQsZSfrgNoSCW5uTGwpTQ:2:111445)
    at uT (https://frontend-assets.supabase.com/studio/591b621567a5/_next/static/chunks/0me~.yk4~xwth.js?dpl=dpl_6oyU5btYQsZSfrgNoSCW5uTGwpTQ:2:111515)
    at uN (https://frontend-assets.supabase.com/studio/591b621567a5/_next/static/chunks/0me~.yk4~xwth.js?dpl=dpl_6oyU5btYQsZSfrgNoSCW5uTGwpTQ:2:111445)
    at uT (https://frontend-assets.supabase.com/studio/591b621567a5/_next/static/chunks/0me~.yk4~xwth.js?dpl=dpl_6oyU5btYQsZSfrgNoSCW5uTGwpTQ:2:111581)
    at uN (https://frontend-assets.supabase.com/studio/591b621567a5/_next/static/chunks/0me~.yk4~xwth.js?dpl=dpl_6oyU5btYQsZSfrgNoSCW5uTGwpTQ:2:111445)
    at uT (https://frontend-assets.supabase.com/studio/591b621567a5/_next/static/chunks/0me~.yk4~xwth.js?dpl=dpl_6oyU5btYQsZSfrgNoSCW5uTGwpTQ:2:111581)
    at uN (https://frontend-assets.supabase.com/studio/591b621567a5/_next/static/chunks/0me~.yk4~xwth.js?dpl=dpl_6oyU5btYQsZSfrgNoSCW5uTGwpTQ:2:111445)
    at uT (https://frontend-assets.supabase.com/studio/591b621567a5/_next/static/chunks/0me~.yk4~xwth.js?dpl=dpl_6oyU5btYQsZSfrgNoSCW5uTGwpTQ:2:111515)
    at uN (https://frontend-assets.supabase.com/studio/591b621567a5/_next/static/chunks/0me~.yk4~xwth.js?dpl=dpl_6oyU5btYQsZSfrgNoSCW5uTGwpTQ:2:111445)
    at uT (https://frontend-assets.supabase.com/studio/591b621567a5/_next/static/chunks/0me~.yk4~xwth.js?dpl=dpl_6oyU5btYQsZSfrgNoSCW5uTGwpTQ:2:111515)
    at uN (https://frontend-assets.supabase.com/studio/591b621567a5/_next/static/chunks/0me~.yk4~xwth.js?dpl=dpl_6oyU5btYQsZSfrgNoSCW5uTGwpTQ:2:111445)
    at uT (https://frontend-assets.supabase.com/studio/591b621567a5/_next/static/chunks/0me~.yk4~xwth.js?dpl=dpl_6oyU5btYQsZSfrgNoSCW5uTGwpTQ:2:111515)
    at uN (https://frontend-assets.supabase.com/studio/591b621567a5/_next/static/chunks/0me~.yk4~xwth.js?dpl=dpl_6oyU5btYQsZSfrgNoSCW5uTGwpTQ:2:111445)
    at uT (https://frontend-assets.supabase.com/studio/591b621567a5/_next/static/chunks/0me~.yk4~xwth.js?dpl=dpl_6oyU5btYQsZSfrgNoSCW5uTGwpTQ:2:111581)
    at uN (https://frontend-assets.supabase.com/studio/591b621567a5/_next/static/chunks/0me~.yk4~xwth.js?dpl=dpl_6oyU5btYQsZSfrgNoSCW5uTGwpTQ:2:111445)
[    8867ms] [ERROR] Connecting to 'https://analytics.google.com/g/collect?a=adblocker_check' violates the following Content Security Policy directive: "connect-src 'self' data: blob: https://api.supabase.com http://localhost:8000 https://auth.supabase.io https://otqhrpbxhxkrhrnjqbba.supabase.co ws://localhost:8000 wss://localhost:8000 https://*.supabase.co https://*.storage.supabase.co wss://*.supabase.co https://*.hcaptcha.com https://cdn-global.configcat.com https://configcat.supabase.com https://*.stripe.com https://*.stripe.network https://www.cloudflare.com https://*.vercel-insights.com https://api.github.com https://raw.githubusercontent.com https://frontend-assets.supabase.com https://*.usercentrics.eu https://ss.supabase.com https://maps.googleapis.com https://ph.supabase.com https://cdnjs.cloudflare.com wss://*.pusher.com https://*.ingest.sentry.io https://*.ingest.us.sentry.io https://*.ingest.de.sentry.io". The action has been blocked. @ https://frontend-assets.supabase.com/studio/591b621567a5/_next/static/chunks/0ze9jz-co77g3.js?dpl=dpl_6oyU5btYQsZSfrgNoSCW5uTGwpTQ:5
[    8868ms] [ERROR] Fetch API cannot load https://analytics.google.com/g/collect?a=adblocker_check. Refused to connect because it violates the document's Content Security Policy. @ https://frontend-assets.supabase.com/studio/591b621567a5/_next/static/chunks/0ze9jz-co77g3.js?dpl=dpl_6oyU5btYQsZSfrgNoSCW5uTGwpTQ:5
[   30091ms] [LOG] %c%s color: red; background: yellow; font-size: 24px; 경고! @ https://www.gstatic.com/_/mss/boq-identity/_/js/k=boq-identity.AccountsSignInUi.ko.ssmGCyRI-bg.es5.O/am=EQUAAAADRSECgPX__wMAEECQ7YDvWQBNgJABAAAAAAAAAACWAACoEQ/d=1/excm=_b,_tp,accountchooserview/ed=1/dg=0/wt=2/ujg=1/rs=AOaEmlEjzFxwk1jKBDDljXJdWYTuy5x-dw/dti=1/m=_b,_tp:550
[   30091ms] [LOG] %c%s font-size: 18px; 이 콘솔을 사용하면 공격자가 Self-XSS라는 공격을 통해 내 신원을 도용하여 내 정보를 빼낼 수 있습니다.
알지 못하는 코드를 입력하거나 붙여넣지 마세요. @ https://www.gstatic.com/_/mss/boq-identity/_/js/k=boq-identity.AccountsSignInUi.ko.ssmGCyRI-bg.es5.O/am=EQUAAAADRSECgPX__wMAEECQ7YDvWQBNgJABAAAAAAAAAACWAACoEQ/d=1/excm=_b,_tp,accountchooserview/ed=1/dg=0/wt=2/ujg=1/rs=AOaEmlEjzFxwk1jKBDDljXJdWYTuy5x-dw/dti=1/m=_b,_tp:550
[   42336ms] [WARNING] Blocked aria-hidden on an element because its descendant retained focus. The focus must not be hidden from assistive technology users. Avoid using aria-hidden on a focused element or its ancestor. Consider using the inert attribute instead, which will also prevent focus. For more details, see the aria-hidden section of the WAI-ARIA specification at https://w3c.github.io/aria/#aria-hidden.
Element with focus: <div.VfPpkd-qNpTzb-P1ekSe VfPpkd-qNpTzb-P1ekSe-OWXEXe-A9y3zc VfPpkd-qNpTzb-P1ekSe-OWXEXe-OiiCO-IhfUye>
Ancestor with aria-hidden: <div.wuMMWb> @ https://accounts.google.com/v3/signin/accountchooser?client_id=1078992815106-brpsupgvhheqg35tupphbh0qk9c32nq8.apps.googleusercontent.com&code_challenge=ML3pQXIFdy2EmSWXKaB1xLYRCDkaEOoZF5-OZ7-2b7k&code_challenge_method=S256&nonce=ed88b812f9f7a5a3320df095c60b86e3&prompt=select_account&redirect_uri=https%3A%2F%2Fgithub.com%2Fsessions%2Fsocial%2Fgoogle%2Fcallback&response_type=code&scope=openid+email+profile&state=e7e603475157cd1cef6a1e6a8d42e176&dsh=S775375280%3A1784199655096192&o2v=2&service=lso&flowName=GeneralOAuthFlow&opparams=%253F&continue=https%3A%2F%2Faccounts.google.com%2Fsignin%2Foauth%2Fconsent%3Fauthuser%3Dunknown%26part%3DAJi8hAMWtIZ36p1rAkUjyI15eIZRfpTcWaAWx2CEK-QFthfJO0F9WsIiljlxKOlhTHYRtoH45mAd6vvDyuJ3Mm34whR6zkD4EMXJSxfVncUETjdoHoVOlkHbnr4N1VOJk81vXd5falG1qiXy_L0o9XOGd-OweGc1_gCyGHnO5xpqz_g5hm5HYFaSxW7Yuez7Tu2SkMp4Jfkvp-FEghsSj9Vd1TVX1xC5HcE6i-MMNNn8QgR9hZCNI5M7dJl-cxzb21Z54_j4IINH2euX_LHH_DWryK2Eg53gYKIOS-82s8O6GB6wZw6yireKNtD__-5dCjSjDKOa9M72zDdCGucvF0ayZtALMoo9GSDoT8Mh8m2lCczaB8xxSBTQoNuNdIXvF4hxeeIaRw5oMe_ZtQ-O31qqw-WTzqzgYbrDDomgB_xU37U4hsIa9GnJPKa-imM_oawClOVx5a1aMByj7j4nwYOnprrXtn_aIQ%26flowName%3DGeneralOAuthFlow%26as%3DS775375280%253A1784199655096192%26client_id%3D1078992815106-brpsupgvhheqg35tupphbh0qk9c32nq8.apps.googleusercontent.com%26requestPath%3D%252Fsignin%252Foauth%252Fconsent%23&app_domain=https%3A%2F%2Fgithub.com:0
[   46747ms] [WARNING] ConfigCat - WARN - [3003] Cannot evaluate condition (User.plan IS ONE OF ['pro', 'team', 'enterprise']) for setting 'observabilityOverview' (the User.plan attribute is missing). You should set the User.plan attribute in order to make targeting work properly. Read more: https://configcat.com/docs/advanced/user-object/ @ https://frontend-assets.supabase.com/studio/591b621567a5/_next/static/chunks/0ze9jz-co77g3.js?dpl=dpl_6oyU5btYQsZSfrgNoSCW5uTGwpTQ:5
[   50167ms] [WARNING] [Warning] Please install/enable Redux devtools extension @ https://frontend-assets.supabase.com/studio/591b621567a5/_next/static/chunks/0ze9jz-co77g3.js?dpl=dpl_6oyU5btYQsZSfrgNoSCW5uTGwpTQ:5
[   51615ms] [WARNING] ConfigCat - WARN - [3003] Cannot evaluate condition (User.plan IS ONE OF ['pro', 'team', 'enterprise']) for setting 'observabilityOverview' (the User.plan attribute is missing). You should set the User.plan attribute in order to make targeting work properly. Read more: https://configcat.com/docs/advanced/user-object/ @ https://frontend-assets.supabase.com/studio/591b621567a5/_next/static/chunks/0ze9jz-co77g3.js?dpl=dpl_6oyU5btYQsZSfrgNoSCW5uTGwpTQ:5
[   51809ms] [LOG] Supabase Studio is running commit 591b621567a5322c9fdb403dba9f95d68b3ff228 deployed at 2026-07-16 18:25:26 +09:00. @ https://frontend-assets.supabase.com/studio/591b621567a5/_next/static/chunks/0ze9jz-co77g3.js?dpl=dpl_6oyU5btYQsZSfrgNoSCW5uTGwpTQ:5
[  120350ms] [WARNING] Tabs is changing from controlled to uncontrolled. Components should not switch from controlled to uncontrolled (or vice versa). Decide between using a controlled or uncontrolled value for the lifetime of the component. @ https://frontend-assets.supabase.com/studio/591b621567a5/_next/static/chunks/0ze9jz-co77g3.js?dpl=dpl_6oyU5btYQsZSfrgNoSCW5uTGwpTQ:5
[  120378ms] [WARNING] Tabs is changing from uncontrolled to controlled. Components should not switch from controlled to uncontrolled (or vice versa). Decide between using a controlled or uncontrolled value for the lifetime of the component. @ https://frontend-assets.supabase.com/studio/591b621567a5/_next/static/chunks/0ze9jz-co77g3.js?dpl=dpl_6oyU5btYQsZSfrgNoSCW5uTGwpTQ:5
